10,8
|,0
s_hyptosis1,810
/
|,0
s_hyptosis1,811
/
|,0
s_hyptosis1,811
/
|,0
s_hyptosis1,751
/
|,0
s_hyptosis1,811
/
|,0
s_hyptosis1,811
/
|,0
s_hyptosis1,811
s_hyptosis1,818
/
|,0
s_hyptosis1,819
/
|,0
s_hyptosis1,811
s_hyptosis1,820
/
|,0
s_hyptosis1,812
/
|,0
s_hyptosis1,840
/
|,0
s_hyptosis1,841
/
|,0
s_hyptosis1,841
/
|,0
s_hyptosis1,841
/
|,0
s_hyptosis1,841
/
|,0
s_hyptosis1,841
/
|,0
s_hyptosis1,841
/
|,0
s_hyptosis1,841
/
|,0
s_hyptosis1,841
/
|,0
s_hyptosis1,842
/
|,0
s_hyptosis1,840
/
|,0
s_hyptosis1,841
/
|,0
s_hyptosis1,841
/
|,0
s_hyptosis1,841
/
|,0
s_hyptosis1,841
/
|,0
s_hyptosis1,841
/
|,0
s_hyptosis1,841
/
|,0
s_hyptosis1,841
/
|,0
s_hyptosis1,841
/
|,0
s_hyptosis1,842
/
|,0
s_hyptosis1,840
/
|,0
s_hyptosis1,841
/
|,0
s_hyptosis1,841
/
|,0
s_hyptosis1,841
/
|,0
s_hyptosis1,841
/
|,0
s_hyptosis1,841
/
|,0
s_hyptosis1,841
/
|,0
s_hyptosis1,841
/
|,0
s_hyptosis1,841
/
|,0
s_hyptosis1,842
/
|,0
s_hyptosis1,873
/
|,0
s_hyptosis1,873
/
|,0
s_hyptosis1,873
/
|,0
s_hyptosis1,873
/
|,0
s_hyptosis1,873
/
|,0
s_hyptosis1,873
/
|,0
s_hyptosis1,873
/
|,0
s_hyptosis1,873
/
|,0
s_hyptosis1,873
/
|,0
s_hyptosis1,873
/
|,0
s_hyptosis1,840
/
|,0
s_hyptosis1,841
/
|,0
s_hyptosis1,841
/
|,0
s_hyptosis1,841
/
|,0
s_hyptosis1,841
/
|,0
s_hyptosis1,841
/
|,0
s_hyptosis1,841
/
|,0
s_hyptosis1,841
/
|,0
s_hyptosis1,841
/
|,0
s_hyptosis1,842
/
|,0
s_hyptosis1,840
/
|,0
s_hyptosis1,841
/
|,0
s_hyptosis1,841
s_hyptosis1,879
/
|,0
s_hyptosis1,841
s_hyptosis1,881
/
|,0
s_hyptosis1,841
/
|,0
s_hyptosis1,841
/
|,0
s_hyptosis1,841
/
|,0
s_hyptosis1,841
/
|,0
s_hyptosis1,841
/
|,0
s_hyptosis1,842
/
|,0
s_hyptosis1,870
/
|,0
s_hyptosis1,871
/
|,0
s_hyptosis1,871
/
|,0
s_hyptosis1,871
/
|,0
s_hyptosis1,871
/
|,0
s_hyptosis1,871
/
|,0
s_hyptosis1,871
/
|,0
s_hyptosis1,871
/
|,0
s_hyptosis1,871
/
|,0
s_hyptosis1,872
/
