16,9
|,0
s_hyptosis3,380
s_hyptosis3,394
/
|,0
s_hyptosis3,395
/
|,0
s_hyptosis3,395
/
|,0
s_hyptosis3,395
/
|,0
s_hyptosis3,395
/
|,0
s_hyptosis3,395
/
|,0
s_hyptosis3,395
/
|,0
s_hyptosis3,395
/
|,0
s_hyptosis3,395
/
|,0
s_hyptosis3,395
/
|,0
s_hyptosis3,395
/
|,0
s_hyptosis3,395
/
|,0
s_hyptosis3,395
/
|,0
s_hyptosis3,395
/
|,0
s_hyptosis3,395
/
|,0
s_hyptosis3,380
s_hyptosis3,396
/
|,0
s_hyptosis3,424
/
|,0
s_hyptosis3,425
/
|,0
s_hyptosis3,425
/
|,0
s_hyptosis3,425
/
|,0
s_hyptosis3,425
/
|,0
s_hyptosis3,425
/
|,0
s_hyptosis3,425
/
|,0
s_hyptosis3,425
/
|,0
s_hyptosis3,425
/
|,0
s_hyptosis3,425
/
|,0
s_hyptosis3,425
/
|,0
s_hyptosis3,425
/
|,0
s_hyptosis3,425
/
|,0
s_hyptosis3,425
/
|,0
s_hyptosis3,425
/
|,0
s_hyptosis3,426
/
|,0
s_hyptosis3,454
/
|,0
s_hyptosis3,455
/
|,0
s_hyptosis3,455
/
|,0
s_hyptosis3,455
/
|,0
s_hyptosis3,455
/
|,0
s_hyptosis3,455
/
|,0
s_hyptosis3,455
/
|,0
s_hyptosis3,455
/
|,0
s_hyptosis3,455
/
|,0
s_hyptosis3,455
/
|,0
s_hyptosis3,455
/
|,0
s_hyptosis3,455
/
|,0
s_hyptosis3,455
/
|,0
s_hyptosis3,455
/
|,0
s_hyptosis3,455
/
|,0
s_hyptosis3,456
/
|,0
s_hyptosis3,657
/
|,0
s_hyptosis3,654
/
|,0
s_hyptosis3,654
/
|,0
s_hyptosis3,654
/
|,0
s_hyptosis3,654
/
|,0
s_hyptosis3,654
/
|,0
s_hyptosis3,654
/
|,0
s_hyptosis3,654
/
|,0
s_hyptosis3,654
/
|,0
s_hyptosis3,654
/
|,0
s_hyptosis3,654
/
|,0
s_hyptosis3,654
/
|,0
s_hyptosis3,654
/
|,0
s_hyptosis3,654
/
|,0
s_hyptosis3,654
/
|,0
s_hyptosis3,656
/
|,0
s_hyptosis3,687
/
|,0
s_hyptosis3,684
/
|,0
s_hyptosis3,684
/
|,0
s_hyptosis3,684
/
|,0
s_hyptosis3,684
/
|,0
s_hyptosis3,684
/
|,0
s_hyptosis3,684
/
|,0
s_hyptosis3,684
/
|,0
s_hyptosis3,684
/
|,0
s_hyptosis3,684
/
|,0
s_hyptosis3,684
/
|,0
s_hyptosis3,684
/
|,0
s_hyptosis3,684
/
|,0
s_hyptosis3,684
/
|,0
s_hyptosis3,684
/
|,0
s_hyptosis3,686
/
|,0
s_hyptosis3,704
/
|,0
s_hyptosis3,705
/
|,0
s_hyptosis3,705
/
|,0
s_hyptosis3,705
/
|,0
s_hyptosis3,705
/
|,0
s_hyptosis3,705
/
|,0
s_hyptosis3,705
/
|,0
s_hyptosis3,705
/
|,0
s_hyptosis3,705
/
|,0
s_hyptosis3,705
/
|,0
s_hyptosis3,705
/
|,0
s_hyptosis3,705
/
|,0
s_hyptosis3,705
/
|,0
s_hyptosis3,705
/
|,0
s_hyptosis3,705
/
|,0
s_hyptosis3,706
/
|,0
s_hyptosis3,80
/
|,0
s_hyptosis3,81
/
|,0
s_hyptosis3,81
/
|,0
s_hyptosis3,81
/
|,0
s_hyptosis3,81
/
|,0
s_hyptosis3,81
/
|,0
s_hyptosis3,81
/
|,0
s_hyptosis3,81
/
|,0
s_hyptosis3,81
/
|,0
s_hyptosis3,81
/
|,0
s_hyptosis3,81
/
|,0
s_hyptosis3,81
/
|,0
s_hyptosis3,81
/
|,0
s_hyptosis3,81
/
|,0
s_hyptosis3,81
/
|,0
s_hyptosis3,82
/
|,0
s_hyptosis3,110
/
|,0
s_hyptosis3,111
/
|,0
s_hyptosis3,111
/
|,0
s_hyptosis3,111
/
|,0
s_hyptosis3,111
/
|,0
s_hyptosis3,111
/
|,0
s_hyptosis3,111
/
|,0
s_hyptosis3,111
/
|,0
s_hyptosis3,111
/
|,0
s_hyptosis3,111
/
|,0
s_hyptosis3,111
/
|,0
s_hyptosis3,111
/
|,0
s_hyptosis3,111
/
|,0
s_hyptosis3,111
/
|,0
s_hyptosis3,111
/
|,0
s_hyptosis3,112
/
|,0
s_hyptosis3,140
/
|,0
s_hyptosis3,141
/
|,0
s_hyptosis3,141
/
|,0
s_hyptosis3,141
/
|,0
s_hyptosis3,141
/
|,0
s_hyptosis3,141
/
|,0
s_hyptosis3,141
/
|,0
s_hyptosis3,141
/
|,0
s_hyptosis3,141
/
|,0
s_hyptosis3,141
/
|,0
s_hyptosis3,141
/
|,0
s_hyptosis3,141
/
|,0
s_hyptosis3,141
/
|,0
s_hyptosis3,141
/
|,0
s_hyptosis3,141
/
|,0
s_hyptosis3,142
/
