32,18
|,0
s_hyptosis2,141
s_hyptosis2,47
/
|,0
s_hyptosis2,141
s_hyptosis2,48
/
|,0
s_hyptosis2,141
s_hyptosis2,48
/
|,0
s_hyptosis2,141
s_hyptosis2,48
/
|,0
s_hyptosis2,141
s_hyptosis2,48
s_hyptosis2,48
/
|,0
s_hyptosis2,141
s_hyptosis2,48
/
|,0
s_hyptosis2,141
s_hyptosis2,49
/
|,0
s_hyptosis2,174
/
|,0
s_hyptosis2,171
s_hyptosis2,595
/
|,0
s_hyptosis2,623
/
|,0
s_hyptosis2,623
/
|,0
s_hyptosis2,623
/
|,0
s_hyptosis2,623
/
|,0
s_hyptosis2,171
s_hyptosis2,596
/
|,0
s_hyptosis2,173
/
|,0
s_hyptosis3,4
/
|,0
s_hyptosis3,5
/
|,0
s_hyptosis3,6
/
|,0
s_hyptosis1,391
/
|,0
s_hyptosis1,198
/
|,0
BLACK,0
/
|,0
BLACK,0
/
|,0
BLACK,0
/
|,0
BLACK,0
/
|,0
BLACK,0
/
|,0
BLACK,0
/
|,0
BLACK,0
/
|,0
BLACK,0
/
|,0
BLACK,0
/
|,0
BLACK,0
/
|,0
BLACK,0
/
|,0
BLACK,0
/
|,0
s_hyptosis2,77
/
|,0
s_hyptosis2,78
/
|,0
s_hyptosis2,78
/
|,0
s_hyptosis2,78
/
|,0
s_hyptosis2,78
/
|,0
s_hyptosis2,78
/
|,0
s_hyptosis2,79
/
|,0
s_hyptosis2,142
/
|,0
s_hyptosis2,625
/
|,0
s_hyptosis2,623
/
|,0
s_hyptosis2,623
/
|,0
s_hyptosis2,623
/
|,0
s_hyptosis2,623
/
|,0
s_hyptosis2,626
/
|,0
s_hyptosis2,140
/
|,0
s_hyptosis3,4
/
|,0
s_hyptosis3,5
/
|,0
s_hyptosis3,6
/
|,0
s_hyptosis1,391
/
|,0
s_hyptosis1,423
/
|,0
s_hyptosis1,423
/
|,0
s_hyptosis1,423
/
|,0
BLACK,0
/
|,0
BLACK,0
/
|,0
BLACK,0
/
|,0
BLACK,0
/
|,0
BLACK,0
/
|,0
BLACK,0
/
|,0
BLACK,0
/
|,0
BLACK,0
/
|,0
BLACK,0
/
|,0
BLACK,0
/
|,0
s_hyptosis2,77
/
|,0
s_hyptosis2,78
/
|,0
s_hyptosis2,78
/
|,0
s_hyptosis2,78
/
|,0
s_hyptosis2,78
/
|,0
s_hyptosis2,78
/
|,0
s_hyptosis2,79
/
|,0
s_hyptosis2,142
/
|,0
s_hyptosis2,625
/
|,0
s_hyptosis2,623
/
|,0
s_hyptosis2,623
/
|,0
s_hyptosis2,623
/
|,0
s_hyptosis2,623
/
|,0
s_hyptosis2,626
/
|,0
s_hyptosis2,140
/
|,0
s_hyptosis3,4
/
|,0
s_hyptosis3,5
/
|,0
s_hyptosis3,6
/
|,0
s_hyptosis1,424
/
|,0
s_hyptosis1,393
/
|,0
s_hyptosis1,394
/
|,0
s_hyptosis1,395
/
|,0
s_hyptosis1,361
/
|,0
BLACK,0
/
|,0
BLACK,0
/
|,0
BLACK,0
/
|,0
BLACK,0
/
|,0
BLACK,0
/
|,0
BLACK,0
/
|,0
BLACK,0
/
|,0
BLACK,0
/
|,0
BLACK,0
/
|,0
s_hyptosis2,77
/
|,0
s_hyptosis2,78
/
|,0
s_hyptosis2,78
/
|,0
s_hyptosis2,78
/
|,0
s_hyptosis2,78
/
|,0
s_hyptosis2,78
/
|,0
s_hyptosis2,79
/
|,0
s_hyptosis2,142
/
|,0
s_hyptosis2,504
s_hyptosis2,655
/
|,0
s_hyptosis2,505
/
|,0
s_hyptosis2,505
/
|,0
s_hyptosis2,505
/
|,0
s_hyptosis2,505
/
|,0
s_hyptosis2,506
s_hyptosis2,656
/
|,0
s_hyptosis2,140
/
|,0
s_hyptosis3,4
/
|,0
s_hyptosis3,5
/
|,0
s_hyptosis3,6
/
|,0
s_hyptosis1,257
/
|,0
BLACK,0
/
|,0
BLACK,0
/
|,0
BLACK,0
/
|,0
BLACK,0
/
|,0
BLACK,0
/
|,0
BLACK,0
/
|,0
BLACK,0
/
|,0
BLACK,0
/
|,0
BLACK,0
/
|,0
BLACK,0
/
|,0
BLACK,0
/
|,0
BLACK,0
/
|,0
BLACK,0
/
|,0
s_hyptosis2,77
/
|,0
s_hyptosis2,78
/
|,0
s_hyptosis2,78
/
|,0
s_hyptosis2,78
/
|,0
s_hyptosis2,78
/
|,0
s_hyptosis2,78
/
|,0
s_hyptosis2,79
/
|,0
s_hyptosis2,142
/
|,0
s_hyptosis2,504
/
|,0
s_hyptosis2,684
/
|,0
s_hyptosis2,505
/
|,0
s_hyptosis2,505
/
|,0
s_hyptosis2,684
/
|,0
s_hyptosis2,506
/
|,0
s_hyptosis2,140
/
|,0
s_hyptosis3,4
/
|,0
s_hyptosis3,5
/
|,0
s_hyptosis3,6
/
|,0
BLACK,0
/
|,0
BLACK,0
/
|,0
BLACK,0
/
|,0
BLACK,0
/
|,0
BLACK,0
/
|,0
BLACK,0
/
|,0
BLACK,0
/
|,0
BLACK,0
/
|,0
BLACK,0
/
|,0
BLACK,0
/
|,0
BLACK,0
/
|,0
BLACK,0
/
|,0
BLACK,0
/
|,0
BLACK,0
/
|,0
s_hyptosis2,77
/
|,0
s_hyptosis2,78
/
|,0
s_hyptosis2,78
/
|,0
s_hyptosis2,78
/
|,0
s_hyptosis2,78
/
|,0
s_hyptosis2,78
/
|,0
s_hyptosis2,79
/
|,0
s_hyptosis2,142
/
|,0
s_hyptosis2,564
/
|,0
s_hyptosis2,565
/
|,0
s_hyptosis2,565
/
|,0
s_hyptosis2,565
/
|,0
s_hyptosis2,565
/
|,0
s_hyptosis2,566
/
|,0
s_hyptosis2,140
/
|,0
s_hyptosis3,4
/
|,0
s_hyptosis3,5
/
|,0
s_hyptosis3,6
/
|,0
BLACK,0
/
|,0
BLACK,0
/
|,0
BLACK,0
/
|,0
BLACK,0
/
|,0
BLACK,0
/
|,0
BLACK,0
/
|,0
BLACK,0
/
|,0
BLACK,0
/
|,0
BLACK,0
/
|,0
BLACK,0
/
|,0
BLACK,0
/
|,0
BLACK,0
/
|,0
BLACK,0
/
|,0
BLACK,0
/
|,0
s_hyptosis2,77
/
|,0
s_hyptosis2,78
/
|,0
s_hyptosis2,78
/
|,0
s_hyptosis2,78
/
|,0
s_hyptosis2,78
/
|,0
s_hyptosis2,78
/
|,0
s_hyptosis2,79
/
|,0
s_hyptosis2,142
/
|,0
s_hyptosis2,115
/
|,0
s_hyptosis2,115
s_hyptosis1,606
/
|,0
s_hyptosis2,114
s_hyptosis1,609
/
|,0
s_hyptosis2,114
s_hyptosis1,610
/
|,0
s_hyptosis2,115
s_hyptosis1,608
/
|,0
s_hyptosis2,115
/
|,0
s_hyptosis2,140
/
|,0
s_hyptosis3,4
/
|,0
s_hyptosis3,5
/
|,0
s_hyptosis3,6
/
|,0
BLACK,0
/
|,0
BLACK,0
/
|,0
BLACK,0
/
|,0
BLACK,0
/
|,0
BLACK,0
/
|,0
BLACK,0
/
|,0
BLACK,0
/
|,0
BLACK,0
/
|,0
BLACK,0
/
|,0
BLACK,0
/
|,0
BLACK,0
/
|,0
BLACK,0
/
|,0
BLACK,0
/
|,0
BLACK,0
/
|,0
s_hyptosis2,77
/
|,0
s_hyptosis2,78
/
|,0
s_hyptosis2,78
/
|,0
s_hyptosis2,78
/
|,0
s_hyptosis2,78
/
|,0
s_hyptosis2,78
/
|,0
s_hyptosis2,79
/
|,0
s_hyptosis2,142
/
|,0
s_hyptosis2,115
/
|,0
s_hyptosis2,115
s_hyptosis1,611
/
|,0
s_hyptosis2,114
s_hyptosis1,639
/
|,0
s_hyptosis2,114
s_hyptosis1,640
/
|,0
s_hyptosis2,113
s_hyptosis1,611
/
|,0
s_hyptosis2,115
/
|,0
s_hyptosis2,140
/
|,0
s_hyptosis3,4
/
|,0
s_hyptosis3,5
/
|,0
s_hyptosis3,6
/
|,0
BLACK,0
/
|,0
BLACK,0
/
|,0
BLACK,0
/
|,0
BLACK,0
/
|,0
BLACK,0
/
|,0
BLACK,0
/
|,0
BLACK,0
/
|,0
BLACK,0
/
|,0
BLACK,0
/
|,0
BLACK,0
/
|,0
BLACK,0
/
|,0
BLACK,0
/
|,0
BLACK,0
/
|,0
BLACK,0
/
|,0
s_hyptosis2,77
/
|,0
s_hyptosis2,78
/
|,0
s_hyptosis2,78
/
|,0
s_hyptosis2,78
/
|,0
s_hyptosis2,78
/
|,0
s_hyptosis2,78
/
|,0
s_hyptosis2,79
/
|,0
s_hyptosis2,142
/
|,0
s_hyptosis2,115
/
|,0
s_hyptosis2,115
/
|,0
s_hyptosis2,114
/
|,0
s_hyptosis2,114
/
|,0
s_hyptosis2,115
/
|,0
s_hyptosis2,115
/
|,0
s_hyptosis2,140
/
|,0
s_hyptosis3,4
/
|,0
s_hyptosis3,5
/
|,0
s_hyptosis3,6
/
|,0
BLACK,0
/
|,0
BLACK,0
/
|,0
BLACK,0
/
|,0
BLACK,0
/
|,0
BLACK,0
/
|,0
BLACK,0
/
|,0
BLACK,0
/
|,0
BLACK,0
/
|,0
BLACK,0
/
|,0
BLACK,0
/
|,0
BLACK,0
/
|,0
BLACK,0
/
|,0
BLACK,0
/
|,0
BLACK,0
/
|,0
s_hyptosis2,107
/
|,0
s_hyptosis2,108
/
|,0
s_hyptosis2,108
/
|,0
s_hyptosis2,108
/
|,0
s_hyptosis2,108
/
|,0
s_hyptosis2,108
/
|,0
s_hyptosis2,109
/
|,0
s_hyptosis2,142
/
|,0
s_hyptosis2,115
/
|,0
s_hyptosis2,115
/
|,0
s_hyptosis2,114
/
|,0
s_hyptosis2,114
/
|,0
s_hyptosis2,115
/
|,0
s_hyptosis2,115
/
|,0
s_hyptosis2,140
/
|,0
s_hyptosis3,4
/
|,0
s_hyptosis3,5
/
|,0
s_hyptosis3,6
/
|,0
BLACK,0
/
|,0
BLACK,0
/
|,0
BLACK,0
/
|,0
BLACK,0
/
|,0
BLACK,0
/
|,0
BLACK,0
/
|,0
BLACK,0
/
|,0
BLACK,0
/
|,0
BLACK,0
/
|,0
BLACK,0
/
|,0
BLACK,0
/
|,0
BLACK,0
/
|,0
BLACK,0
/
|,0
BLACK,0
/
|,0
s_hyptosis2,105
/
|,0
s_hyptosis2,106
/
|,0
s_hyptosis2,105
/
|,0
s_hyptosis2,106
/
|,0
s_hyptosis2,105
/
|,0
s_hyptosis2,106
/
|,0
s_hyptosis2,105
/
|,0
s_hyptosis2,142
/
|,0
s_hyptosis2,115
/
|,0
s_hyptosis2,115
/
|,0
s_hyptosis2,114
/
|,0
s_hyptosis2,114
/
|,0
s_hyptosis2,115
/
|,0
s_hyptosis2,115
/
|,0
s_hyptosis2,140
/
|,0
s_hyptosis3,4
/
|,0
s_hyptosis3,5
/
|,0
s_hyptosis3,6
/
|,0
BLACK,0
/
|,0
BLACK,0
/
|,0
BLACK,0
/
|,0
BLACK,0
/
|,0
BLACK,0
/
|,0
BLACK,0
/
|,0
BLACK,0
/
|,0
BLACK,0
/
|,0
BLACK,0
/
|,0
BLACK,0
/
|,0
BLACK,0
/
|,0
BLACK,0
/
|,0
BLACK,0
/
|,0
BLACK,0
/
|,0
s_hyptosis2,135
/
|,0
s_hyptosis2,136
/
|,0
s_hyptosis2,135
/
|,0
s_hyptosis2,136
/
|,0
s_hyptosis2,135
/
|,0
s_hyptosis2,136
/
|,0
s_hyptosis2,135
/
|,0
s_hyptosis2,142
/
|,0
s_hyptosis2,115
/
|,0
s_hyptosis2,115
/
|,0
s_hyptosis2,114
/
|,0
s_hyptosis2,115
/
|,0
s_hyptosis2,115
/
|,0
s_hyptosis2,115
/
|,0
s_hyptosis2,140
/
|,0
s_hyptosis3,4
/
|,0
s_hyptosis3,5
/
|,0
s_hyptosis3,6
/
|,0
BLACK,0
/
|,0
BLACK,0
/
|,0
BLACK,0
/
|,0
BLACK,0
/
|,0
BLACK,0
/
|,0
BLACK,0
/
|,0
BLACK,0
/
|,0
BLACK,0
/
|,0
BLACK,0
/
|,0
BLACK,0
/
|,0
BLACK,0
/
|,0
BLACK,0
/
|,0
BLACK,0
/
|,0
BLACK,0
/
|,0
s_hyptosis2,174
/
|,0
s_hyptosis2,171
/
|,0
s_hyptosis2,171
/
|,0
s_hyptosis2,171
/
|,0
s_hyptosis2,171
/
|,0
s_hyptosis2,171
/
|,0
s_hyptosis2,171
/
|,0
s_hyptosis2,172
/
|,0
s_hyptosis2,115
/
|,0
s_hyptosis2,115
/
|,0
s_hyptosis2,115
/
|,0
s_hyptosis2,115
/
|,0
s_hyptosis2,115
/
|,0
s_hyptosis2,115
/
|,0
s_hyptosis2,140
/
|,0
s_hyptosis3,4
/
|,0
s_hyptosis3,5
/
|,0
s_hyptosis3,6
/
|,0
BLACK,0
/
|,0
BLACK,0
/
|,0
BLACK,0
/
|,0
BLACK,0
/
|,0
BLACK,0
/
|,0
BLACK,0
/
|,0
BLACK,0
/
|,0
BLACK,0
/
|,0
BLACK,0
/
|,0
BLACK,0
/
|,0
BLACK,0
/
|,0
BLACK,0
/
|,0
BLACK,0
/
|,0
BLACK,0
/
|,0
s_hyptosis2,142
/
|,0
s_hyptosis2,115
/
|,0
s_hyptosis2,115
/
|,0
s_hyptosis2,115
/
|,0
s_hyptosis2,115
/
|,0
s_hyptosis2,115
/
|,0
s_hyptosis2,115
/
|,0
s_hyptosis2,115
/
|,0
s_hyptosis2,115
/
|,0
s_hyptosis2,115
/
|,0
s_hyptosis2,115
/
|,0
s_hyptosis2,115
/
|,0
s_hyptosis2,115
/
|,0
s_hyptosis2,115
/
|,0
s_hyptosis2,140
/
|,0
s_hyptosis3,4
/
|,0
s_hyptosis3,5
/
|,0
s_hyptosis3,6
/
|,0
BLACK,0
/
|,0
BLACK,0
/
|,0
BLACK,0
/
|,0
BLACK,0
/
|,0
BLACK,0
/
|,0
BLACK,0
/
|,0
BLACK,0
/
|,0
BLACK,0
/
|,0
BLACK,0
/
|,0
BLACK,0
/
|,0
BLACK,0
/
|,0
BLACK,0
/
|,0
BLACK,0
/
|,0
BLACK,0
/
|,0
s_hyptosis2,142
/
|,0
s_hyptosis2,115
/
|,0
s_hyptosis2,115
/
|,0
s_hyptosis2,115
/
|,0
s_hyptosis2,115
/
|,0
s_hyptosis2,115
/
|,0
s_hyptosis2,115
/
|,0
s_hyptosis2,115
/
|,0
s_hyptosis2,115
/
|,0
s_hyptosis2,115
/
|,0
s_hyptosis2,115
/
|,0
s_hyptosis2,115
/
|,0
s_hyptosis2,115
/
|,0
s_hyptosis2,115
/
|,0
s_hyptosis2,140
/
|,0
s_hyptosis3,4
/
|,0
s_hyptosis3,5
/
|,0
s_hyptosis3,6
/
|,0
BLACK,0
/
|,0
BLACK,0
/
|,0
BLACK,0
/
|,0
BLACK,0
/
|,0
BLACK,0
/
|,0
BLACK,0
/
|,0
BLACK,0
/
|,0
BLACK,0
/
|,0
BLACK,0
/
|,0
BLACK,0
/
|,0
BLACK,0
/
|,0
BLACK,0
/
|,0
BLACK,0
/
|,0
BLACK,0
/
|,0
s_hyptosis2,142
/
|,0
s_hyptosis2,115
/
|,0
s_hyptosis2,115
/
|,0
s_hyptosis2,115
/
|,0
s_hyptosis2,115
/
|,0
s_hyptosis2,115
/
|,0
s_hyptosis2,115
/
|,0
s_hyptosis2,115
/
|,0
s_hyptosis2,115
/
|,0
s_hyptosis2,115
/
|,0
s_hyptosis2,115
/
|,0
s_hyptosis2,115
/
|,0
s_hyptosis2,115
/
|,0
s_hyptosis2,115
/
|,0
s_hyptosis2,140
/
|,0
s_hyptosis3,4
/
|,0
s_hyptosis3,5
/
|,0
s_hyptosis3,6
/
|,0
BLACK,0
/
|,0
BLACK,0
/
|,0
BLACK,0
/
|,0
BLACK,0
/
|,0
BLACK,0
/
|,0
BLACK,0
/
|,0
BLACK,0
/
|,0
BLACK,0
/
|,0
BLACK,0
/
|,0
BLACK,0
/
|,0
BLACK,0
/
|,0
BLACK,0
/
|,0
BLACK,0
/
|,0
BLACK,0
/
|,0
s_hyptosis2,142
/
|,0
s_hyptosis2,115
/
|,0
s_hyptosis2,115
/
|,0
s_hyptosis2,115
/
|,0
s_hyptosis2,115
/
|,0
s_hyptosis2,115
/
|,0
s_hyptosis2,115
/
|,0
s_hyptosis2,115
/
|,0
s_hyptosis2,115
/
|,0
s_hyptosis2,115
/
|,0
s_hyptosis2,115
/
|,0
s_hyptosis2,115
/
|,0
s_hyptosis2,115
/
|,0
s_hyptosis2,115
/
|,0
s_hyptosis2,140
/
|,0
s_hyptosis3,4
/
|,0
s_hyptosis3,5
/
|,0
s_hyptosis3,6
/
|,0
BLACK,0
/
|,0
BLACK,0
/
|,0
BLACK,0
/
|,0
BLACK,0
/
|,0
BLACK,0
/
|,0
BLACK,0
/
|,0
BLACK,0
/
|,0
BLACK,0
/
|,0
BLACK,0
/
|,0
BLACK,0
/
|,0
BLACK,0
/
|,0
BLACK,0
/
|,0
BLACK,0
/
|,0
BLACK,0
/
|,0
s_hyptosis2,144
/
|,0
s_hyptosis2,111
/
|,0
s_hyptosis2,111
/
|,0
s_hyptosis2,111
/
|,0
s_hyptosis2,111
/
|,0
s_hyptosis2,111
/
|,0
s_hyptosis2,111
/
|,0
s_hyptosis2,111
/
|,0
s_hyptosis2,111
/
|,0
s_hyptosis2,111
/
|,0
s_hyptosis2,111
/
|,0
s_hyptosis2,111
/
|,0
s_hyptosis2,111
/
|,0
s_hyptosis2,111
/
|,0
s_hyptosis2,143
/
|,0
s_hyptosis3,34
/
|,0
s_hyptosis3,35
/
|,0
s_hyptosis3,36
/
|,0
BLACK,0
/
|,0
BLACK,0
/
|,0
BLACK,0
/
|,0
BLACK,0
/
|,0
BLACK,0
/
|,0
BLACK,0
/
|,0
BLACK,0
/
|,0
BLACK,0
/
|,0
BLACK,0
/
|,0
BLACK,0
/
|,0
BLACK,0
/
|,0
BLACK,0
/
|,0
BLACK,0
/
|,0
BLACK,0
/
