10,8
|,0
s_hyptosis4,50
/
|,0
s_hyptosis4,50
/
|,0
s_hyptosis4,50
/
|,0
s_hyptosis4,50
/
|,0
s_hyptosis4,50
/
|,0
s_hyptosis4,50
/
|,0
s_hyptosis4,50
/
|,0
s_hyptosis4,50
/
|,0
s_hyptosis4,50
/
|,0
s_hyptosis4,50
/
|,0
s_hyptosis4,67
/
|,0
s_hyptosis4,67
/
|,0
s_hyptosis4,67
s_hyptosis4,56
s_hyptosis4,56
/
|,0
s_hyptosis4,67
/
|,0
s_hyptosis4,67
s_hyptosis4,56
/
|,0
s_hyptosis4,67
s_hyptosis4,56
/
|,0
s_hyptosis4,67
s_hyptosis4,56
/
|,0
s_hyptosis4,67
/
|,0
s_hyptosis4,67
/
|,0
s_hyptosis4,67
/
|,0
s_hyptosis4,35
/
|,0
s_hyptosis4,35
/
|,0
s_hyptosis4,35
/
|,0
s_hyptosis4,35
/
|,0
s_hyptosis4,35
/
|,0
s_hyptosis4,35
/
|,0
s_hyptosis4,35
/
|,0
s_hyptosis4,35
/
|,0
s_hyptosis4,35
/
|,0
s_hyptosis4,35
/
|,0
s_hyptosis4,72
/
|,0
s_hyptosis4,74
/
|,0
s_hyptosis4,74
/
|,0
s_hyptosis4,74
/
|,0
s_hyptosis4,74
/
|,0
s_hyptosis4,74
/
|,0
s_hyptosis4,74
/
|,0
s_hyptosis4,74
/
|,0
s_hyptosis4,74
/
|,0
s_hyptosis4,73
/
|,0
BLACK,0
/
|,0
BLACK,0
/
|,0
BLACK,0
/
|,0
BLACK,0
/
|,0
BLACK,0
/
|,0
BLACK,0
/
|,0
BLACK,0
/
|,0
BLACK,0
/
|,0
BLACK,0
/
|,0
BLACK,0
/
|,0
BLACK,0
/
|,0
BLACK,0
/
|,0
BLACK,0
/
|,0
BLACK,0
/
|,0
BLACK,0
/
|,0
BLACK,0
/
|,0
BLACK,0
/
|,0
BLACK,0
/
|,0
BLACK,0
/
|,0
BLACK,0
/
|,0
BLACK,0
/
|,0
BLACK,0
/
|,0
BLACK,0
/
|,0
BLACK,0
/
|,0
BLACK,0
/
|,0
BLACK,0
/
|,0
BLACK,0
/
|,0
BLACK,0
/
|,0
BLACK,0
/
|,0
BLACK,0
/
|,0
BLACK,0
/
|,0
BLACK,0
/
|,0
BLACK,0
/
|,0
BLACK,0
/
|,0
BLACK,0
/
|,0
BLACK,0
/
|,0
BLACK,0
/
|,0
BLACK,0
/
|,0
BLACK,0
/
|,0
BLACK,0
/
