10,8
|,0
BLACK,0
s_hyptosis4,6
/
|,0
BLACK,0
/
|,0
BLACK,0
/
|,0
BLACK,0
/
|,0
BLACK,0
/
|,0
BLACK,0
/
|,0
BLACK,0
/
|,0
BLACK,0
/
|,0
BLACK,0
/
|,0
BLACK,0
/
|,0
BLACK,0
/
|,0
BLACK,0
/
|,0
BLACK,0
/
|,0
BLACK,0
/
|,0
BLACK,0
/
|,0
BLACK,0
/
|,0
BLACK,0
/
|,0
BLACK,0
/
|,0
BLACK,0
/
|,0
BLACK,0
/
|,0
BLACK,0
/
|,0
BLACK,0
/
|,0
BLACK,0
/
|,0
BLACK,0
/
|,0
BLACK,0
/
|,0
BLACK,0
/
|,0
BLACK,0
/
|,0
BLACK,0
/
|,0
BLACK,0
/
|,0
BLACK,0
/
|,0
BLACK,0
/
|,0
BLACK,0
/
|,0
BLACK,0
/
|,0
BLACK,0
/
|,0
BLACK,0
/
|,0
BLACK,0
/
|,0
BLACK,0
/
|,0
BLACK,0
/
|,0
BLACK,0
/
|,0
BLACK,0
/
|,0
BLACK,0
/
|,0
BLACK,0
/
|,0
BLACK,0
/
|,0
BLACK,0
/
|,0
BLACK,0
/
|,0
BLACK,0
/
|,0
BLACK,0
/
|,0
BLACK,0
/
|,0
BLACK,0
/
|,0
BLACK,0
/
|,0
BLACK,0
/
|,0
BLACK,0
/
|,0
BLACK,0
/
|,0
BLACK,0
/
|,0
BLACK,0
/
|,0
BLACK,0
/
|,0
BLACK,0
/
|,0
BLACK,0
/
|,0
BLACK,0
/
|,0
BLACK,0
/
|,0
BLACK,0
/
|,0
BLACK,0
/
|,0
BLACK,0
/
|,0
BLACK,0
/
|,0
BLACK,0
/
|,0
BLACK,0
/
|,0
BLACK,0
/
|,0
BLACK,0
/
|,0
BLACK,0
/
|,0
BLACK,0
/
|,0
BLACK,0
/
|,0
BLACK,0
/
|,0
BLACK,0
/
|,0
BLACK,0
/
|,0
BLACK,0
/
|,0
BLACK,0
/
|,0
BLACK,0
/
|,0
BLACK,0
/
|,0
BLACK,0
s_hyptosis4,6
/
|,0
BLACK,0
s_hyptosis4,6
/
